hooks/useRouteResolution.ts(26,32): error TS2307: Cannot find module '../services/LanSyncService' or its corresponding type declarations.
services/LabelPrintService.ts(8,32): error TS2307: Cannot find module './LanSyncService' or its corresponding type declarations.
services/RouteStackService.ts(14,31): error TS2307: Cannot find module './LanSyncService' or its corresponding type declarations.
